#
# There is insufficient memory for the Java Runtime Environment to continue.
# Native memory allocation (mmap) failed to map 132120576 bytes. Error detail: G1 virtual space
# Possible reasons:
#   The system is out of physical RAM or swap space
#   This process is running with CompressedOops enabled, and the Java Heap may be blocking the growth of the native heap
# Possible solutions:
#   Reduce memory load on the system
#   Increase physical memory or swap space
#   Check if swap backing store is full
#   Decrease Java heap size (-Xmx/-Xms)
#   Decrease number of Java threads
#   Decrease Java thread stack sizes (-Xss)
#   Set larger code cache with -XX:ReservedCodeCacheSize=
#   JVM is running with Unscaled Compressed Oops mode in which the Java heap is
#     placed in the first 4GB address space. The Java Heap base address is the
#     maximum limit for the native heap growth. Please use -XX:HeapBaseMinAddress
#     to set the Java Heap base and to place the Java Heap above 4GB virtual address.
# This output file may be truncated or incomplete.
#
#  Out of Memory Error (os_windows.cpp:3702), pid=18448, tid=6008
#
# JRE version:  (17.0.20+8) (build )
# Java VM: OpenJDK 64-Bit Server VM (17.0.20+8-LTS, mixed mode, emulated-client, sharing, tiered, compressed oops, compressed class ptrs, g1 gc, windows-amd64)
# No core dump will be written. Minidumps are not enabled by default on client versions of Windows
#

---------------  S U M M A R Y ------------

Command Line: -XX:TieredStopAtLevel=1 -Dspring.output.ansi.enabled=always -javaagent:D:\New folder\IntelliJ IDEA 2026.2.0.1\lib\idea_rt.jar=53362 -Dfile.encoding=UTF-8 com.school360.School360Application

Host: 11th Gen Intel(R) Core(TM) i3-1115G4 @ 3.00GHz, 4 cores, 7G,  Windows 11 , 64 bit Build 26100 (10.0.26100.9444)
Time: Wed Oct  7 14:18:28 2026 Sri Lanka Standard Time elapsed time: 0.024325 seconds (0d 0h 0m 0s)

---------------  T H R E A D  ---------------

Current thread (0x000001b0a4d9d450):  JavaThread "Unknown thread" [_thread_in_vm, id=6008, stack(0x000000067fc00000,0x000000067fd00000)]

Stack: [0x000000067fc00000,0x000000067fd00000]
Native frames: (J=compiled Java code, j=interpreted, Vv=VM code, C=native code)
V  [jvm.dll+0x68d159]  (no source info available)
V  [jvm.dll+0x8462c9]  (no source info available)
V  [jvm.dll+0x84803b]  (no source info available)
V  [jvm.dll+0x8486c3]  (no source info available)
V  [jvm.dll+0x24d12f]  (no source info available)
V  [jvm.dll+0x68c559]  (no source info available)
V  [jvm.dll+0x68084a]  (no source info available)
V  [jvm.dll+0x3103f0]  (no source info available)
V  [jvm.dll+0x310292]  (no source info available)
V  [jvm.dll+0x317809]  (no source info available)
V  [jvm.dll+0x369b89]  (no source info available)
V  [jvm.dll+0x369dbd]  (no source info available)
V  [jvm.dll+0x2e6bfa]  (no source info available)
V  [jvm.dll+0x2e7b08]  (no source info available)
V  [jvm.dll+0x81906e]  (no source info available)
V  [jvm.dll+0x3777f1]  (no source info available)
V  [jvm.dll+0x7f7685]  (no source info available)
V  [jvm.dll+0x3fd64b]  (no source info available)
V  [jvm.dll+0x3ff281]  (no source info available)
C  [jli.dll+0x52f8]  (no source info available)
C  [ucrtbase.dll+0x2cd30]  (no source info available)
C  [KERNEL32.DLL+0x2cd87]  (no source info available)
C  [ntdll.dll+0xacaec]  (no source info available)


---------------  P R O C E S S  ---------------

Threads class SMR info:
_java_thread_list=0x00007ff806fc7058, length=0, elements={
}

Java Threads: ( => current thread )

Other Threads:
  0x000001b0a4df4d40 GCTaskThread "GC Thread#0" [stack: 0x000000067fd00000,0x000000067fe00000] [id=5048]
  0x000001b0a2b7de50 ConcurrentGCThread "G1 Main Marker" [stack: 0x000000067fe00000,0x000000067ff00000] [id=18792]
  0x000001b0a4e02950 ConcurrentGCThread "G1 Conc#0" [stack: 0x000000067ff00000,0x0000000680000000] [id=3712]

[error occurred during error reporting (printing all threads), id 0xc0000005, EXCEPTION_ACCESS_VIOLATION (0xc0000005) at pc=0x00007ff806777737]

VM state: not at safepoint (not fully initialized)

VM Mutex/Monitor currently owned by a thread:  ([mutex/lock_event])
[0x000001b0a4d98ef0] Heap_lock - owner thread: 0x000001b0a4d9d450

Heap address: 0x0000000083200000, size: 1998 MB, Compressed Oops mode: 32-bit

CDS archive(s) mapped at: [0x0000000000000000-0x0000000000000000-0x0000000000000000), size 0, SharedBaseAddress: 0x0000000800000000, ArchiveRelocationMode: 1.
Narrow klass base: 0x0000000000000000, Narrow klass shift: 0, Narrow klass range: 0x0

GC Precious Log:
<Empty>

Heap:
 garbage-first heap   total 0K, used 0K [0x0000000083200000, 0x0000000100000000)
  region size 1024K, 0 young (0K), 0 survivors (0K)

[error occurred during error reporting (printing heap information), id 0xc0000005, EXCEPTION_ACCESS_VIOLATION (0xc0000005) at pc=0x00007ff806b69229]

GC Heap History (0 events):
No events

Dll operation events (1 events):
Event: 0.019 Loaded shared library C:\Users\Admin\.jdks\ms-17.0.20\bin\java.dll

Deoptimization events (0 events):
No events

Classes loaded (0 events):
No events

Classes unloaded (0 events):
No events

Classes redefined (0 events):
No events

Internal exceptions (0 events):
No events

VM Operations (0 events):
No events

Memory protections (0 events):
No events

Nmethod flushes (0 events):
No events

Events (0 events):
No events


Dynamic libraries:
0x00007ff6a8e20000 - 0x00007ff6a8e2e000 	C:\Users\Admin\.jdks\ms-17.0.20\bin\java.exe
0x00007ff8a1880000 - 0x00007ff8a1ae7000 	C:\WINDOWS\SYSTEM32\ntdll.dll
0x00007ff860700000 - 0x00007ff860721000 	C:\Program Files\Avast Software\Avast\aswhook.dll
0x00007ff8a0730000 - 0x00007ff8a07fb000 	C:\WINDOWS\System32\KERNEL32.DLL
0x00007ff89f190000 - 0x00007ff89f592000 	C:\WINDOWS\System32\KERNELBASE.dll
0x00007ff89ea80000 - 0x00007ff89ebcc000 	C:\WINDOWS\System32\ucrtbase.dll
0x00007ff87bcb0000 - 0x00007ff87bcc8000 	C:\Users\Admin\.jdks\ms-17.0.20\bin\jli.dll
0x00007ff8a0d60000 - 0x00007ff8a0f2f000 	C:\WINDOWS\System32\USER32.dll
0x00007ff89f160000 - 0x00007ff89f187000 	C:\WINDOWS\System32\win32u.dll
0x00007ff8a0280000 - 0x00007ff8a02ab000 	C:\WINDOWS\System32\GDI32.dll
0x00007ff89ec70000 - 0x00007ff89ed99000 	C:\WINDOWS\System32\gdi32full.dll
0x00007ff89ef30000 - 0x00007ff89efd3000 	C:\WINDOWS\System32\msvcp_win.dll
0x00007ff876ce0000 - 0x00007ff876cfe000 	C:\Users\Admin\.jdks\ms-17.0.20\bin\VCRUNTIME140.dll
0x00007ff87ec70000 - 0x00007ff87ef00000 	C:\WINDOWS\WinSxS\amd64_microsoft.windows.common-controls_6595b64144ccf1df_6.0.26100.9278_none_3e0d1ba8e3303201\COMCTL32.dll
0x00007ff8a01d0000 - 0x00007ff8a0279000 	C:\WINDOWS\System32\msvcrt.dll
0x00007ff8a0b90000 - 0x00007ff8a0bc1000 	C:\WINDOWS\System32\IMM32.DLL
0x00007ff876cd0000 - 0x00007ff876cdc000 	C:\Users\Admin\.jdks\ms-17.0.20\bin\vcruntime140_1.dll
0x00007ff876ac0000 - 0x00007ff876b49000 	C:\Users\Admin\.jdks\ms-17.0.20\bin\msvcp140.dll
0x00007ff806480000 - 0x00007ff8070fb000 	C:\Users\Admin\.jdks\ms-17.0.20\bin\server\jvm.dll
0x00007ff8a1040000 - 0x00007ff8a10fc000 	C:\WINDOWS\System32\ADVAPI32.dll
0x00007ff8a08c0000 - 0x00007ff8a0969000 	C:\WINDOWS\System32\sechost.dll
0x00007ff8a0990000 - 0x00007ff8a0aa8000 	C:\WINDOWS\System32\RPCRT4.dll
0x00007ff8a0490000 - 0x00007ff8a0510000 	C:\WINDOWS\System32\WS2_32.dll
0x00007ff89e8e0000 - 0x00007ff89e93e000 	C:\WINDOWS\SYSTEM32\POWRPROF.dll
0x00007ff88c110000 - 0x00007ff88c146000 	C:\WINDOWS\SYSTEM32\WINMM.dll
0x00007ff88e3d0000 - 0x00007ff88e3db000 	C:\WINDOWS\SYSTEM32\VERSION.dll
0x00007ff89e8c0000 - 0x00007ff89e8d5000 	C:\WINDOWS\SYSTEM32\UMPDC.dll
0x00007ff89d750000 - 0x00007ff89d76b000 	C:\WINDOWS\SYSTEM32\kernel.appcore.dll
0x00007ff876cc0000 - 0x00007ff876cca000 	C:\Users\Admin\.jdks\ms-17.0.20\bin\jimage.dll
0x00007ff89bb00000 - 0x00007ff89bd4c000 	C:\WINDOWS\SYSTEM32\DBGHELP.DLL
0x00007ff8a13f0000 - 0x00007ff8a1775000 	C:\WINDOWS\System32\combase.dll
0x00007ff8a0ab0000 - 0x00007ff8a0b89000 	C:\WINDOWS\System32\OLEAUT32.dll
0x00007ff88e200000 - 0x00007ff88e23b000 	C:\WINDOWS\SYSTEM32\dbgcore.DLL
0x00007ff89efe0000 - 0x00007ff89f08c000 	C:\WINDOWS\System32\bcryptPrimitives.dll
0x00007ff89a970000 - 0x00007ff89a97f000 	C:\Users\Admin\.jdks\ms-17.0.20\bin\instrument.dll
0x00007ff876740000 - 0x00007ff876766000 	C:\Users\Admin\.jdks\ms-17.0.20\bin\java.dll

dbghelp: loaded successfully - version: 4.0.5 - missing functions: none
symbol engine: initialized successfully - sym options: 0x614 - pdb path: .;C:\Users\Admin\.jdks\ms-17.0.20\bin;C:\WINDOWS\SYSTEM32;C:\Program Files\Avast Software\Avast;C:\WINDOWS\WinSxS\amd64_microsoft.windows.common-controls_6595b64144ccf1df_6.0.26100.9278_none_3e0d1ba8e3303201;C:\Users\Admin\.jdks\ms-17.0.20\bin\server

VM Arguments:
jvm_args: -XX:TieredStopAtLevel=1 -Dspring.output.ansi.enabled=always -javaagent:D:\New folder\IntelliJ IDEA 2026.2.0.1\lib\idea_rt.jar=53362 -Dfile.encoding=UTF-8 
java_command: com.school360.School360Application
java_class_path (initial): C:\Users\Admin\Documents\School360\School360\target\classes;C:\Users\Admin\.m2\repository\org\springframework\boot\spring-boot-starter-web\3.2.5\spring-boot-starter-web-3.2.5.jar;C:\Users\Admin\.m2\repository\org\springframework\boot\spring-boot-starter\3.2.5\spring-boot-starter-3.2.5.jar;C:\Users\Admin\.m2\repository\org\springframework\boot\spring-boot\3.2.5\spring-boot-3.2.5.jar;C:\Users\Admin\.m2\repository\org\springframework\boot\spring-boot-autoconfigure\3.2.5\spring-boot-autoconfigure-3.2.5.jar;C:\Users\Admin\.m2\repository\org\springframework\boot\spring-boot-starter-logging\3.2.5\spring-boot-starter-logging-3.2.5.jar;C:\Users\Admin\.m2\repository\ch\qos\logback\logback-classic\1.4.14\logback-classic-1.4.14.jar;C:\Users\Admin\.m2\repository\ch\qos\logback\logback-core\1.4.14\logback-core-1.4.14.jar;C:\Users\Admin\.m2\repository\org\apache\logging\log4j\log4j-to-slf4j\2.21.1\log4j-to-slf4j-2.21.1.jar;C:\Users\Admin\.m2\repository\org\apache\logging\log4j\log4j-api\2.21.1\log4j-api-2.21.1.jar;C:\Users\Admin\.m2\repository\org\slf4j\jul-to-slf4j\2.0.13\jul-to-slf4j-2.0.13.jar;C:\Users\Admin\.m2\repository\jakarta\annotation\jakarta.annotation-api\2.1.1\jakarta.annotation-api-2.1.1.jar;C:\Users\Admin\.m2\repository\org\yaml\snakeyaml\2.2\snakeyaml-2.2.jar;C:\Users\Admin\.m2\repository\org\springframework\boot\spring-boot-starter-json\3.2.5\spring-boot-starter-json-3.2.5.jar;C:\Users\Admin\.m2\repository\com\fasterxml\jackson\core\jackson-databind\2.15.4\jackson-databind-2.15.4.jar;C:\Users\Admin\.m2\repository\com\fasterxml\jackson\core\jackson-annotations\2.15.4\jackson-annotations-2.15.4.jar;C:\Users\Admin\.m2\repository\com\fasterxml\jackson\core\jackson-core\2.15.4\jackson-core-2.15.4.jar;C:\Users\Admin\.m2\repository\com\fasterxml\jackson\datatype\jackson-datatype-jdk8\2.15.4\jackson-datatype-jdk8-2.15.4.jar;C:\Users\Admin\.m2\repository\com\fasterxml\jackson\datatype\jackson-datatype-jsr310\2.15.4\jackson-datatype-jsr310-2.15.
Launcher Type: SUN_STANDARD

[Global flags]
     intx CICompilerCount                          = 3                                         {product} {ergonomic}
     uint ConcGCThreads                            = 1                                         {product} {ergonomic}
     uint G1ConcRefinementThreads                  = 4                                         {product} {ergonomic}
   size_t G1HeapRegionSize                         = 1048576                                   {product} {ergonomic}
    uintx GCDrainStackTargetSize                   = 64                                        {product} {ergonomic}
   size_t InitialHeapSize                          = 132120576                                 {product} {ergonomic}
   size_t MarkStackSize                            = 4194304                                   {product} {ergonomic}
   size_t MaxHeapSize                              = 2095054848                                {product} {ergonomic}
   size_t MinHeapDeltaBytes                        = 1048576                                   {product} {ergonomic}
   size_t MinHeapSize                              = 8388608                                   {product} {ergonomic}
    uintx NonProfiledCodeHeapSize                  = 0                                      {pd product} {ergonomic}
     bool ProfileInterpreter                       = false                                  {pd product} {command line}
    uintx ProfiledCodeHeapSize                     = 0                                      {pd product} {ergonomic}
   size_t SoftMaxHeapSize                          = 2095054848                             {manageable} {ergonomic}
     intx TieredStopAtLevel                        = 1                                         {product} {command line}
     bool UseCompressedClassPointers               = true                           {product lp64_product} {ergonomic}
     bool UseCompressedOops                        = true                           {product lp64_product} {ergonomic}
     bool UseG1GC                                  = true                                      {product} {ergonomic}
     bool UseLargePagesIndividualAllocation        = false                                  {pd product} {ergonomic}

Logging:
Log output configuration:
 #0: stdout all=warning uptime,level,tags
 #1: stderr all=off uptime,level,tags

Environment Variables:
PATH=C:\Program Files\Eclipse Adoptium\jdk-25.0.3.9-hotspot\bin;C:\WINDOWS\system32;C:\WINDOWS;C:\WINDOWS\System32\Wbem;C:\WINDOWS\System32\WindowsPowerShell\v1.0\;C:\WINDOWS\System32\OpenSSH\;C:\Program Files\dotnet\;C:\Program Files\Microsoft SQL Server\170\Tools\Binn\;C:\Program Files\nodejs\;C:\Program Files\Git\cmd;C:\Program Files (x86)\Microsoft SQL Server\160\Tools\Binn\;C:\Program Files\Microsoft SQL Server\160\Tools\Binn\;C:\Program Files\Microsoft SQL Server\Client SDK\ODBC\170\Tools\Binn\;C:\Program Files\Microsoft SQL Server\160\DTS\Binn\;C:\Users\Admin\AppData\Local\Programs\Python\Python312\Scripts\;C:\Users\Admin\AppData\Local\Programs\Python\Python312\;C:\Users\Admin\AppData\Local\Programs\Python\Python313\Scripts\;C:\Users\Admin\AppData\Local\Programs\Python\Python313\;C:\Users\Admin\AppData\Local\Programs\Python\Launcher\;C:\Program Files\MySQL\MySQL Shell 8.0\bin\;C:\Users\Admin\AppData\Local\Microsoft\WindowsApps;C:\Users\Admin\AppData\Local\Programs\Microsoft VS Code\bin;C:\Users\Admin\.dotnet\tools;C:\Users\Admin\AppData\Roaming\npm;C:\Users\Admin\AppData\Local\GitHubDesktop\bin;C:\Users\Admin\AppData\Local\Programs\Antigravity IDE\bin
USERNAME=Aathu Sarves
OS=Windows_NT
PROCESSOR_IDENTIFIER=Intel64 Family 6 Model 140 Stepping 1, GenuineIntel
TMP=C:\Users\Admin\AppData\Local\Temp
TEMP=C:\Users\Admin\AppData\Local\Temp



Periodic native trim disabled


---------------  S Y S T E M  ---------------

OS:
 Windows 11 , 64 bit Build 26100 (10.0.26100.9444)
OS uptime: 0 days 0:03 hours
Hyper-V role detected

CPU: total 4 (initial active 4) (2 cores per cpu, 2 threads per core) family 6 model 140 stepping 1 microcode 0x9a, cx8, cmov, fxsr, ht, mmx, 3dnowpref, sse, sse2, sse3, ssse3, sse4.1, sse4.2, popcnt, lzcnt, tsc, tscinvbit, avx, avx2, aes, erms, clmul, bmi1, bmi2, adx, avx512f, avx512dq, avx512cd, avx512bw, avx512vl, sha, fma, vzeroupper, avx512_vpopcntdq, avx512_vpclmulqdq, avx512_vaes, avx512_vnni, clflush, clflushopt, clwb, avx512_vbmi2, avx512_vbmi, hv
Processor Information for the first 4 processors :
  Max Mhz: 2995, Current Mhz: 2995, Mhz Limit: 2995

Memory: 4k page, system-wide physical 7991M (266M free)
TotalPageFile size 10718M (AvailPageFile size 125M)
current process WorkingSet (physical memory assigned to process): 13M, peak: 13M
current process commit charge ("private bytes"): 47M, peak: 173M

vm_info: OpenJDK 64-Bit Server VM (17.0.20+8-LTS) for windows-amd64 JRE (17.0.20+8-LTS), built on Jul 14 2026 18:14:29 by "MicrosoftCorporation" with MS VC++ 17.14 (VS2022)

END.
